=== Round 10 ===
.\.venv\Scripts\python.exe : core           INFO 	Loading data for Belgian Grand Prix - Race [v3.8.3]
At line:6 char:11
+     try { .\.venv\Scripts\python.exe scripts\07.a_feasibility.py --ro ...
+           ~~~~~~~~~~~~~~~~~~~~~~~~~~~~~~~~~~~~~~~~~~~~~~~~~~~~~~~~~~~
    + CategoryInfo          : NotSpecified: (core           ...- Race [v3.8.3]:String) [], RemoteException
    + FullyQualifiedErrorId : NativeCommandError
 
req            INFO 	Using cached data for session_info
req            INFO 	Using cached data for driver_info
req            INFO 	Using cached data for session_status_data
req            INFO 	Using cached data for lap_count
req            INFO 	Using cached data for track_status_data
req            INFO 	Using cached data for _extended_timing_data
req            INFO 	Using cached data for timing_app_data
core           INFO 	Processing timing data...
core        WARNING 	Fixed incorrect tyre stint information for driver '12'
core        WARNING 	Driver 12 completed the race distance 00:00.045000 before the recorded end of the session.
req            INFO 	Using cached data for car_data
req            INFO 	Using cached data for position_data
req            INFO 	Using cached data for weather_data
req            INFO 	Using cached data for race_control_messages
core           INFO 	Finished loading data for 22 drivers: ['12', '16', '3', '44', '81', '6', '1', '5', '41', '43', 
'10', '30', '27', '87', '23', '55', '31', '77', '14', '18', '11', '63']
{
 "year": 2026,
 "round": 10,
 "session": "R",
 "event": "Belgian Grand Prix",
 "circuit": "Spa-Francorchamps",
 "date": "2026-07-19",
 "load_seconds": 3.6,
 "n_drivers": 20,
 "n_laps": 872,
 "dt_fastest_lap": {
  "driver": "NOR",
  "n_samples": 409,
  "median_s": 0.23999999999978172,
  "mean_s": 0.2657867647058841,
  "p10_s": 0.15999999999985448,
  "p90_s": 0.3993000000007669,
  "max_s": 1.1199999999989814,
  "effective_hz": 4.166666666670456,
  "histogram": {
   "0.00-0.10": 0,
   "0.10-0.20": 100,
   "0.20-0.25": 122,
   "0.25-0.30": 54,
   "0.30-0.35": 54,
   "0.35-0.40": 58,
   "0.40-0.50": 18,
   "0.50-0.75": 0,
   "0.75-1.00": 0,
   "1.00-2.00": 2,
   "2.00-10.00": 0
  },
  "median_dx_m": 14.972222222222172
 },
 "channels": {
  "Speed": {
   "present": true,
   "frac_nonzero": 1.0,
   "min": 66.0,
   "max": 326.0
  },
  "Throttle": {
   "present": true,
   "frac_nonzero": 0.8386308068459658,
   "min": 0.0,
   "max": 100.0
  },
  "Brake": {
   "present": true,
   "frac_nonzero": 0.1295843520782396,
   "min": 0.0,
   "max": 1.0
  },
  "nGear": {
   "present": true,
   "frac_nonzero": 1.0,
   "min": 1.0,
   "max": 8.0
  },
  "RPM": {
   "present": true,
   "frac_nonzero": 1.0,
   "min": 8371.0,
   "max": 12257.0
  },
  "DRS": {
   "present": true,
   "frac_nonzero": 0.0,
   "min": 0.0,
   "max": 0.0
  }
 },
 "position": {
  "n_samples": 435,
  "source": "lap",
  "has_Z": true,
  "z_range_m": [
   365.5,
   467.9
  ],
  "z_std_m": 30.089806997332865,
  "z_frac_zero": 0.0,
  "xy_range_m": [
   1264.6,
   2031.9
  ]
 },
 "weather": {
  "available": true,
  "air_temp_c": 18.035616438356165,
  "pressure_mbar": 972.7952054794521,
  "wind_speed_ms": 1.9739726027397264
 },
 "total_seconds": 6.3
}
speed window: {'340': 0.0008, '330': 0.0048, '320': 0.0317, '310': 0.0967, '300': 0.1435, '290': 0.1884} vmax 349.0
wrote out\feasibility\r10.json
.\.venv\Scripts\python.exe : core           INFO 	Loading data for Belgian Grand Prix - Race [v3.8.3]
At line:7 char:11
+     try { .\.venv\Scripts\python.exe scripts\07.b_run_real.py --round ...
+           ~~~~~~~~~~~~~~~~~~~~~~~~~~~~~~~~~~~~~~~~~~~~~~~~~~~~~~~~~~~
    + CategoryInfo          : NotSpecified: (core           ...- Race [v3.8.3]:String) [], RemoteException
    + FullyQualifiedErrorId : NativeCommandError
 
req            INFO 	Using cached data for session_info
req            INFO 	Using cached data for driver_info
req            INFO 	Using cached data for session_status_data
req            INFO 	Using cached data for lap_count
req            INFO 	Using cached data for track_status_data
req            INFO 	Using cached data for _extended_timing_data
req            INFO 	Using cached data for timing_app_data
core           INFO 	Processing timing data...
core        WARNING 	Fixed incorrect tyre stint information for driver '12'
core        WARNING 	Driver 12 completed the race distance 00:00.045000 before the recorded end of the session.
req            INFO 	Using cached data for car_data
req            INFO 	Using cached data for position_data
req            INFO 	Using cached data for weather_data
req            INFO 	Using cached data for race_control_messages
core           INFO 	Finished loading data for 22 drivers: ['12', '16', '3', '44', '81', '6', '1', '5', '41', '43', 
'10', '30', '27', '87', '23', '55', '31', '77', '14', '18', '11', '63']
core           INFO 	Loading data for Belgian Grand Prix - Race [v3.8.3]
req            INFO 	Using cached data for session_info
req            INFO 	Using cached data for driver_info
req            INFO 	Using cached data for session_status_data
req            INFO 	Using cached data for lap_count
req            INFO 	Using cached data for track_status_data
req            INFO 	Using cached data for _extended_timing_data
req            INFO 	Using cached data for timing_app_data
core           INFO 	Processing timing data...
core        WARNING 	Fixed incorrect tyre stint information for driver '12'
core        WARNING 	Driver 12 completed the race distance 00:00.045000 before the recorded end of the session.
req            INFO 	Using cached data for car_data
req            INFO 	Using cached data for position_data
req            INFO 	Using cached data for weather_data
req            INFO 	Using cached data for race_control_messages
core           INFO 	Finished loading data for 22 drivers: ['12', '16', '3', '44', '81', '6', '1', '5', '41', '43', 
'10', '30', '27', '87', '23', '55', '31', '77', '14', '18', '11', '63']
D:\Projects\XRay Energy F1\X-RAY\xray\realfit.py:650: RuntimeWarning: All-NaN slice encountered
  shared = np.nanmedian(M, axis=0)          # common mode

Belgian Grand Prix — Spa-Francorchamps: 6930 m, elevation yes, 14 corners, zones [('A', 1450), ('B', 1180), ('C', 650)]
ingest: 22 cars, 872 laps, 871 usable (100%), rho=1.1592 kg/m^3

car      CdA   identified set  ident  binding  coast   wind  resid kW
VER    0.939 [ 0.887, 0.992]   0.78     9330   1341   +0.0       254
GAS    0.859 [ 0.799, 0.920]   0.72     8143    570   +0.0       280
STR    1.127 [ 1.006, 1.248]   0.57     4531    641   +0.0       208
BOR    0.914 [ 0.806, 1.022]   0.53     9013    519   +0.0       251
NOR    0.821 [ 0.674, 0.968]   0.29     7645   1191   +0.0       266
ANT    0.846 [ 0.678, 1.015]   0.20     8099    784   +0.0       283
COL    0.770 [ 0.602, 0.937]   0.13     5847    481   +0.0       281
LEC    0.550 [ 0.145, 0.955]   0.00     1640    301   +0.0       315
HAM    0.377 [-0.058, 0.812]   0.00      455    310   +0.0       343
PIA    0.529 [ 0.111, 0.948]   0.00     1405   1062   +0.0       308
HAD    0.506 [ 0.208, 0.803]   0.00     1303   1114   +0.0       310
LIN    0.711 [-0.063, 1.486]   0.00     5214    793   +0.0       268
LAW    0.718 [-0.042, 1.478]   0.00     5548   1399   +0.0       259
HUL    0.690 [ 0.451, 0.930]   0.00     4515    957   +0.0       283
BEA    0.604 [ 0.293, 0.915]   0.00     2438    477   +0.0       292
ALB    0.479 [-0.110, 1.068]   0.00      322    736   +0.0       319
SAI    0.808 [ 0.564, 1.051]   0.00     6709    587   +0.0       287
OCO    0.783 [ 0.564, 1.002]   0.00     5396    373   +0.0       270
BOT    0.694 [ 0.297, 1.090]   0.00     3051   1247   +0.0       270
ALO    0.866 [ 0.521, 1.211]   0.00     3655   1315   +0.0       241
PER    0.666 [ 0.236, 1.096]   0.00      621    366   +0.0       244

field CdA: median 0.718, spread 0.377-1.127, iqr 0.242
identifiability: median 0.00  (5/21 cars usable)
field pooling: 6 identifiable cars -> CdA 0.891 [0.850, 0.933], field identifiability 0.81
cross-car common mode: 17 cars, shared rms 263 kW, per-car residual 110 kW, variance explained 79%

ANT deployment: peak 360 kW, mean-when-on 144 kW, per-lap 12.57 MJ deployed / 3.62 MJ recovered (regulation: 4.0 MJ store, 7.0 MJ harvest/lap)

total 10s
.\.venv\Scripts\python.exe : core           INFO 	Loading data for Belgian Grand Prix - Race [v3.8.3]
At line:8 char:11
+     try { .\.venv\Scripts\python.exe scripts\08.b_analyse_race.py --r ...
+           ~~~~~~~~~~~~~~~~~~~~~~~~~~~~~~~~~~~~~~~~~~~~~~~~~~~~~~~~~~~
    + CategoryInfo          : NotSpecified: (core           ...- Race [v3.8.3]:String) [], RemoteException
    + FullyQualifiedErrorId : NativeCommandError
 
req            INFO 	Using cached data for session_info
req            INFO 	Using cached data for driver_info
req            INFO 	Using cached data for session_status_data
req            INFO 	Using cached data for lap_count
req            INFO 	Using cached data for track_status_data
req            INFO 	Using cached data for _extended_timing_data
req            INFO 	Using cached data for timing_app_data
core           INFO 	Processing timing data...
core        WARNING 	Fixed incorrect tyre stint information for driver '12'
core        WARNING 	Driver 12 completed the race distance 00:00.045000 before the recorded end of the session.
req            INFO 	Using cached data for car_data
req            INFO 	Using cached data for position_data
req            INFO 	Using cached data for weather_data
req            INFO 	Using cached data for race_control_messages
core           INFO 	Finished loading data for 22 drivers: ['12', '16', '3', '44', '81', '6', '1', '5', '41', '43', 
'10', '30', '27', '87', '23', '55', '31', '77', '14', '18', '11', '63']
core           INFO 	Loading data for Belgian Grand Prix - Race [v3.8.3]
req            INFO 	Using cached data for session_info
req            INFO 	Using cached data for driver_info
req            INFO 	Using cached data for session_status_data
req            INFO 	Using cached data for lap_count
req            INFO 	Using cached data for track_status_data
req            INFO 	Using cached data for _extended_timing_data
req            INFO 	Using cached data for timing_app_data
core           INFO 	Processing timing data...
core        WARNING 	Fixed incorrect tyre stint information for driver '12'
core        WARNING 	Driver 12 completed the race distance 00:00.045000 before the recorded end of the session.
req            INFO 	Using cached data for car_data
req            INFO 	Using cached data for position_data
req            INFO 	Using cached data for weather_data
req            INFO 	Using cached data for race_control_messages
core           INFO 	Finished loading data for 22 drivers: ['12', '16', '3', '44', '81', '6', '1', '5', '41', '43', 
'10', '30', '27', '87', '23', '55', '31', '77', '14', '18', '11', '63']
D:\Projects\XRay Energy F1\X-RAY\xray\realfit.py:650: RuntimeWarning: All-NaN slice encountered
  shared = np.nanmedian(M, axis=0)          # common mode
