core           INFO 	Loading data for Australian Grand Prix - Race [v3.8.3]
req            INFO 	Using cached data for session_info
req            INFO 	Using cached data for driver_info
req            INFO 	Using cached data for session_status_data
req            INFO 	Using cached data for lap_count
req            INFO 	Using cached data for track_status_data
req            INFO 	Using cached data for _extended_timing_data
req            INFO 	Using cached data for timing_app_data
core           INFO 	Processing timing data...
core        WARNING 	Failed to perform lap accuracy check - all laps marked as inaccurate (driver 81)
core        WARNING 	Failed to perform lap accuracy check - all laps marked as inaccurate (driver 27)
req            INFO 	Using cached data for car_data
req            INFO 	Using cached data for position_data
req            INFO 	Using cached data for weather_data
req            INFO 	Using cached data for race_control_messages
core           INFO 	Finished loading data for 22 drivers: ['63', '12', '16', '44', '1', '3', '87', '41', '5', '10', '31', '23', '30', '43', '55', '11', '18', '14', '77', '6', '81', '27']
core           INFO 	Loading data for Australian Grand Prix - Race [v3.8.3]
req            INFO 	Using cached data for session_info
req            INFO 	Using cached data for driver_info
req            INFO 	Using cached data for session_status_data
req            INFO 	Using cached data for lap_count
req            INFO 	Using cached data for track_status_data
req            INFO 	Using cached data for _extended_timing_data
req            INFO 	Using cached data for timing_app_data
core           INFO 	Processing timing data...
core        WARNING 	Failed to perform lap accuracy check - all laps marked as inaccurate (driver 81)
core        WARNING 	Failed to perform lap accuracy check - all laps marked as inaccurate (driver 27)
req            INFO 	Using cached data for car_data
req            INFO 	Using cached data for position_data
req            INFO 	Using cached data for weather_data
req            INFO 	Using cached data for race_control_messages
core           INFO 	Finished loading data for 22 drivers: ['63', '12', '16', '44', '1', '3', '87', '41', '5', '10', '31', '23', '30', '43', '55', '11', '18', '14', '77', '6', '81', '27']
/Users/apple/Desktop/x-ray/xray/realfit.py:417: RuntimeWarning: All-NaN slice encountered
  shared = np.nanmedian(M, axis=0)          # common mode
  NOR: CdA 1.105 ident 0.71 deploy 4.05 MJ/lap
  GAS: CdA 1.090 ident 0.00 deploy 4.20 MJ/lap
  PER: CdA 1.090 ident 0.00 deploy 3.75 MJ/lap
  ANT: CdA 1.096 ident 0.75 deploy 4.23 MJ/lap
  ALO: CdA 1.090 ident 0.00 deploy 3.49 MJ/lap
  LEC: CdA 1.090 ident 0.00 deploy 3.73 MJ/lap
  STR: CdA 1.090 ident 0.00 deploy 3.47 MJ/lap
  ALB: CdA 1.210 ident 0.66 deploy 4.94 MJ/lap
  VER: CdA 1.090 ident 0.00 deploy 4.35 MJ/lap
  LAW: CdA 1.090 ident 0.00 deploy 3.94 MJ/lap
  OCO: CdA 1.090 ident 0.00 deploy 4.01 MJ/lap
  LIN: CdA 1.090 ident 0.00 deploy 4.17 MJ/lap
  COL: CdA 1.090 ident 0.00 deploy 3.90 MJ/lap
  HAM: CdA 1.090 ident 0.00 deploy 3.86 MJ/lap
  BOR: CdA 1.090 ident 0.00 deploy 3.54 MJ/lap
  SAI: CdA 1.126 ident 0.89 deploy 4.56 MJ/lap
  HAD: CdA 1.207 ident 0.27 deploy 4.09 MJ/lap
  RUS: CdA 0.862 ident 0.52 deploy 3.49 MJ/lap
  BOT: CdA 0.932 ident 0.18 deploy 4.02 MJ/lap
  BEA: CdA 1.090 ident 0.00 deploy 3.77 MJ/lap

Australian Grand Prix: 20 cars analysed, 13 refused
  telemetry 4.17 Hz, 1006/1006 laps usable
  pooled CdA: {'available': True, 'n_cars_pooled': 7, 'cda_pooled': 1.090303728404037, 'cda_lo': 1.0139403395286366, 'cda_hi': 1.1666671172794376, 'per_car_deviation_pct': {'NOR': 1.3272503432246157, 'GAS': -29.63940728990555, 'PER': -17.96116305061343, 'ANT': 0.5505367989251784, 'ALO': -5.63652924215067, 'LEC': -24.88616278513385, 'STR': -12.483374299929242, 'ALB': 10.994959171612734, 'VER': -17.326068350429736, 'LAW': -19.70541961056384, 'OCO': -19.37513352950257, 'LIN': -19.071901966269696, 'COL': -19.044954258215345, 'HAM': -20.002225347392887, 'BOR': -19.84908415219574, 'SAI': 3.3158251918106534, 'HAD': 10.69190254240146, 'RUS': -20.906588669322705, 'BOT': -14.55826453313727, 'BEA': -40.20496717709356}, 'field_identifiability': 0.7198454453157577}
  RDD rows: 835
wrote /Users/apple/Desktop/x-ray/out/races/2026_r1_R.json (12.3 MB) in 78s
