core           INFO 	Loading data for Monaco Grand Prix - Race [v3.8.3]
req            INFO 	Using cached data for session_info
req            INFO 	Using cached data for driver_info
req            INFO 	Using cached data for session_status_data
req            INFO 	Using cached data for lap_count
req            INFO 	Using cached data for track_status_data
req            INFO 	Using cached data for _extended_timing_data
req            INFO 	Using cached data for timing_app_data
core           INFO 	Processing timing data...
req            INFO 	Using cached data for car_data
req            INFO 	Using cached data for position_data
req            INFO 	Using cached data for weather_data
req            INFO 	Using cached data for race_control_messages
core           INFO 	Finished loading data for 22 drivers: ['12', '44', '10', '6', '81', '30', '41', '23', '31', '14', '5', '63', '27', '43', '11', '55', '16', '18', '1', '87', '77', '3']
{
 "year": 2026,
 "round": 6,
 "session": "R",
 "event": "Monaco Grand Prix",
 "circuit": "Monte Carlo",
 "date": "2026-06-07",
 "load_seconds": 2.0,
 "n_drivers": 20,
 "n_laps": 1452,
 "dt_fastest_lap": {
  "driver": "ANT",
  "n_samples": 274,
  "median_s": 0.23999999999978172,
  "mean_s": 0.26798534798534746,
  "p10_s": 0.15999999999985448,
  "p90_s": 0.3999999999996362,
  "max_s": 1.1599999999998545,
  "effective_hz": 4.166666666670456,
  "histogram": {
   "0.00-0.10": 0,
   "0.10-0.20": 68,
   "0.20-0.25": 79,
   "0.25-0.30": 45,
   "0.30-0.35": 33,
   "0.35-0.40": 29,
   "0.40-0.50": 17,
   "0.50-0.75": 0,
   "0.75-1.00": 1,
   "1.00-2.00": 1,
   "2.00-10.00": 0
  },
  "median_dx_m": 10.533333333333303
 },
 "channels": {
  "Speed": {
   "present": true,
   "frac_nonzero": 1.0,
   "min": 46.0,
   "max": 278.0
  },
  "Throttle": {
   "present": true,
   "frac_nonzero": 0.6861313868613139,
   "min": 0.0,
   "max": 100.0
  },
  "Brake": {
   "present": true,
   "frac_nonzero": 0.28832116788321166,
   "min": 0.0,
   "max": 1.0
  },
  "nGear": {
   "present": true,
   "frac_nonzero": 1.0,
   "min": 1.0,
   "max": 7.0
  },
  "RPM": {
   "present": true,
   "frac_nonzero": 1.0,
   "min": 4714.0,
   "max": 12442.0
  },
  "DRS": {
   "present": true,
   "frac_nonzero": 0.0,
   "min": 0.0,
   "max": 0.0
  }
 },
 "position": {
  "n_samples": 8087,
  "source": "session",
  "has_Z": true,
  "z_range_m": [
   0.0,
   89.6
  ],
  "z_std_m": 27.94213324973677,
  "z_frac_zero": 0.39903548905651043,
  "xy_range_m": [
   768.1,
   977.3
  ]
 },
 "weather": {
  "available": true,
  "air_temp_c": 23.677403846153847,
  "pressure_mbar": 1021.4403846153845,
  "wind_speed_ms": 0.8418269230769231
 },
 "total_seconds": 4.6
}
speed window: {'340': 0.0, '330': 0.0, '320': 0.0, '310': 0.0, '300': 0.0, '290': 0.0} vmax 292.0
wrote out/feasibility/r6.json
