core           INFO 	Loading data for British Grand Prix - Race [v3.8.3]
req            INFO 	No cached data found for session_info. Loading data...
_api           INFO 	Fetching session info data...
req            INFO 	Data has been written to cache!
req            INFO 	No cached data found for driver_info. Loading data...
_api           INFO 	Fetching driver list...
req            INFO 	Data has been written to cache!
req            INFO 	No cached data found for session_status_data. Loading data...
_api           INFO 	Fetching session status data...
req            INFO 	Data has been written to cache!
req            INFO 	No cached data found for lap_count. Loading data...
_api           INFO 	Fetching lap count data...
req            INFO 	Data has been written to cache!
req            INFO 	No cached data found for track_status_data. Loading data...
_api           INFO 	Fetching track status data...
req            INFO 	Data has been written to cache!
req            INFO 	No cached data found for _extended_timing_data. Loading data...
_api           INFO 	Fetching timing data...
_api           INFO 	Parsing timing data...
req            INFO 	Data has been written to cache!
req            INFO 	No cached data found for timing_app_data. Loading data...
_api           INFO 	Fetching timing app data...
req            INFO 	Data has been written to cache!
core           INFO 	Processing timing data...
req            INFO 	No cached data found for car_data. Loading data...
_api           INFO 	Fetching car data...
_api           INFO 	Parsing car data...
req            INFO 	Data has been written to cache!
req            INFO 	No cached data found for position_data. Loading data...
_api           INFO 	Fetching position data...
_api           INFO 	Parsing position data...
_api        WARNING 	Driver 241: Position data is incomplete!
_api        WARNING 	Driver 242: Position data is incomplete!
_api        WARNING 	Driver 243: Position data is incomplete!
req            INFO 	Data has been written to cache!
req            INFO 	No cached data found for weather_data. Loading data...
_api           INFO 	Fetching weather data...
req            INFO 	Data has been written to cache!
req            INFO 	No cached data found for race_control_messages. Loading data...
_api           INFO 	Fetching race control messages...
req            INFO 	Data has been written to cache!
core           INFO 	Finished loading data for 22 drivers: ['16', '63', '44', '1', '6', '30', '41', '5', '43', '10', '81', '87', '31', '11', '12', '77', '55', '14', '18', '3', '23', '27']
{
 "year": 2026,
 "round": 9,
 "session": "R",
 "event": "British Grand Prix",
 "circuit": "Silverstone",
 "date": "2026-07-05",
 "load_seconds": 36.3,
 "n_drivers": 20,
 "n_laps": 1113,
 "dt_fastest_lap": {
  "driver": "ANT",
  "n_samples": 330,
  "median_s": 0.24000000000069122,
  "mean_s": 0.2784164133738607,
  "p10_s": 0.15999999999985448,
  "p90_s": 0.4000000000005457,
  "max_s": 1.0,
  "effective_hz": 4.166666666654667,
  "histogram": {
   "0.00-0.10": 0,
   "0.10-0.20": 93,
   "0.20-0.25": 77,
   "0.25-0.30": 50,
   "0.30-0.35": 28,
   "0.35-0.40": 45,
   "0.40-0.50": 30,
   "0.50-0.75": 2,
   "0.75-1.00": 3,
   "1.00-2.00": 1,
   "2.00-10.00": 0
  },
  "median_dx_m": 16.255555555555475
 },
 "channels": {
  "Speed": {
   "present": true,
   "frac_nonzero": 1.0,
   "min": 80.0,
   "max": 302.0
  },
  "Throttle": {
   "present": true,
   "frac_nonzero": 0.8575757575757575,
   "min": 0.0,
   "max": 100.0
  },
  "Brake": {
   "present": true,
   "frac_nonzero": 0.1303030303030303,
   "min": 0.0,
   "max": 1.0
  },
  "nGear": {
   "present": true,
   "frac_nonzero": 1.0,
   "min": 1.0,
   "max": 7.0
  },
  "RPM": {
   "present": true,
   "frac_nonzero": 1.0,
   "min": 8529.0,
   "max": 12084.0
  },
  "DRS": {
   "present": true,
   "frac_nonzero": 0.0,
   "min": 0.0,
   "max": 0.0
  }
 },
 "position": {
  "n_samples": 350,
  "source": "lap",
  "has_Z": true,
  "z_range_m": [
   196.2,
   207.5
  ],
  "z_std_m": 3.175131120544955,
  "z_frac_zero": 0.0,
  "xy_range_m": [
   1010.5,
   1722.9
  ]
 },
 "weather": {
  "available": true,
  "air_temp_c": 24.758333333333333,
  "pressure_mbar": 1006.4083333333334,
  "wind_speed_ms": 1.7506410256410259
 },
 "total_seconds": 38.0
}
speed window: {'340': 0.0001, '330': 0.0005, '320': 0.0021, '310': 0.008, '300': 0.0415, '290': 0.1169} vmax 350.0
wrote out/feasibility/r9.json
